// Jest Snapshot v1, https://goo.gl/fbAQLP

exports[`Wallet renders properly 1`] = `
<div>
  <h3
    className="balance"
  >
    Wallet balance: 
    20
  </h3>
  <br />
  <input
    className="wallet-input"
    onChange={[Function]}
    type="number"
  />
  <button
    className="deposit-btn"
    onClick={[Function]}
  >
    Deposit
  </button>
  <button
    className="withdraw-btn"
    onClick={[Function]}
  >
    Withdraw
  </button>
</div>
`;
